
*** Running vivado
    with args -log lab_3_top_level.vds -m64 -product Vivado -mode batch -messageDb vivado.pb -notrace -source lab_3_top_level.tcl



****** Vivado v2025.1 (64-bit)
  **** SW Build 6140274 on Thu May 22 00:12:29 MDT 2025
  **** IP Build 6138677 on Thu May 22 03:10:11 MDT 2025
  **** SharedData Build 6139179 on Tue May 20 17:58:58 MDT 2025
  **** Start of session at: Fri Oct  9 00:56:58 2026
    ** Copyright 1986-2022 Xilinx, Inc. All Rights Reserved.
    ** Copyright 2022-2025 Advanced Micro Devices, Inc. All Rights Reserved.

source lab_3_top_level.tcl -notrace
Command: read_checkpoint -auto_incremental -incremental C:/Users/alexs/Desktop/2026-2027/453/ENEL453/lab3/Lab3.srcs/utils_1/imports/synth_1/lab_3_top_level.dcp
INFO: [Vivado 12-5825] Read reference checkpoint from C:/Users/alexs/Desktop/2026-2027/453/ENEL453/lab3/Lab3.srcs/utils_1/imports/synth_1/lab_3_top_level.dcp for incremental synthesis
INFO: [Vivado 12-7989] Please ensure there are no constraint changes
Command: synth_design -top lab_3_top_level -part xc7a35tcpg236-1
Starting synth_design
Attempting to get a license for feature 'Synthesis' and/or device 'xc7a35t'
INFO: [Common 17-349] Got license for feature 'Synthesis' and/or device 'xc7a35t'
INFO: [Device 21-403] Loading part xc7a35tcpg236-1
INFO: [Designutils 20-5440] No compile time benefit to using incremental synthesis; A full resynthesis will be run
INFO: [Designutils 20-4379] Flow is switching to default flow due to incremental criteria not met. If you would like to alter this behaviour and have the flow terminate instead, please set the following parameter config_implementation {autoIncr.Synth.RejectBehavior Terminate}
INFO: [Synth 8-7079] Multithreading enabled for synth_design using a maximum of 2 processes.
INFO: [Synth 8-7078] Launching helper process for spawning children vivado processes
INFO: [Synth 8-7075] Helper process launched with PID 34268
---------------------------------------------------------------------------------
Starting RTL Elaboration : Time (s): cpu = 00:00:03 ; elapsed = 00:00:04 . Memory (MB): peak = 1179.422 ; gain = 494.184
---------------------------------------------------------------------------------
INFO: [Synth 8-6157] synthesizing module 'lab_3_top_level' [C:/Users/alexs/Desktop/2026-2027/453/ENEL453/lab3/lab_3_top_level.sv:1]
INFO: [Synth 8-6157] synthesizing module 'switch_logic' [C:/Users/alexs/Desktop/2026-2027/453/ENEL453/lab3/switch_logic.sv:1]
INFO: [Synth 8-6155] done synthesizing module 'switch_logic' (0#1) [C:/Users/alexs/Desktop/2026-2027/453/ENEL453/lab3/switch_logic.sv:1]
INFO: [Synth 8-6157] synthesizing module 'register' [C:/Users/alexs/Desktop/2026-2027/453/ENEL453/lab3/Lab3.srcs/sources_1/new/register.sv:3]
INFO: [Synth 8-6155] done synthesizing module 'register' (0#1) [C:/Users/alexs/Desktop/2026-2027/453/ENEL453/lab3/Lab3.srcs/sources_1/new/register.sv:3]
INFO: [Synth 8-6157] synthesizing module 'bin_to_bcd' [C:/Users/alexs/Desktop/2026-2027/453/ENEL453/lab3/bin_to_bcd.sv:6]
INFO: [Synth 8-6155] done synthesizing module 'bin_to_bcd' (0#1) [C:/Users/alexs/Desktop/2026-2027/453/ENEL453/lab3/bin_to_bcd.sv:6]
INFO: [Synth 8-6157] synthesizing module 'mux' [C:/Users/alexs/Desktop/2026-2027/453/ENEL453/lab3/mux.sv:1]
INFO: [Synth 8-6155] done synthesizing module 'mux' (0#1) [C:/Users/alexs/Desktop/2026-2027/453/ENEL453/lab3/mux.sv:1]
INFO: [Synth 8-6157] synthesizing module 'input_synchronizer' [C:/Users/alexs/Desktop/2026-2027/453/ENEL453/lab3/Lab3.srcs/sources_1/new/synchronizer.sv:3]
INFO: [Synth 8-6155] done synthesizing module 'input_synchronizer' (0#1) [C:/Users/alexs/Desktop/2026-2027/453/ENEL453/lab3/Lab3.srcs/sources_1/new/synchronizer.sv:3]
INFO: [Synth 8-6157] synthesizing module 'debounce' [C:/Users/alexs/Desktop/2026-2027/453/ENEL453/lab3/debounce.sv:5]
INFO: [Synth 8-6155] done synthesizing module 'debounce' (0#1) [C:/Users/alexs/Desktop/2026-2027/453/ENEL453/lab3/debounce.sv:5]
INFO: [Synth 8-6157] synthesizing module 'seven_segment_display_subsystem' [C:/Users/alexs/Desktop/2026-2027/453/ENEL453/lab3/seven_segment_display_subsystem.sv:26]
INFO: [Synth 8-6157] synthesizing module 'digit_multiplexor' [C:/Users/alexs/Desktop/2026-2027/453/ENEL453/lab3/digit_multiplexor.sv:39]
INFO: [Synth 8-6155] done synthesizing module 'digit_multiplexor' (0#1) [C:/Users/alexs/Desktop/2026-2027/453/ENEL453/lab3/digit_multiplexor.sv:39]
INFO: [Synth 8-6157] synthesizing module 'seven_segment_digit_selector' [C:/Users/alexs/Desktop/2026-2027/453/ENEL453/lab3/seven_segment_digit_selector.sv:36]
INFO: [Synth 8-6155] done synthesizing module 'seven_segment_digit_selector' (0#1) [C:/Users/alexs/Desktop/2026-2027/453/ENEL453/lab3/seven_segment_digit_selector.sv:36]
INFO: [Synth 8-6157] synthesizing module 'seven_segment_decoder' [C:/Users/alexs/Desktop/2026-2027/453/ENEL453/lab3/seven_segment_decoder.sv:37]
INFO: [Synth 8-226] default block is never used [C:/Users/alexs/Desktop/2026-2027/453/ENEL453/lab3/seven_segment_decoder.sv:55]
INFO: [Synth 8-6155] done synthesizing module 'seven_segment_decoder' (0#1) [C:/Users/alexs/Desktop/2026-2027/453/ENEL453/lab3/seven_segment_decoder.sv:37]
INFO: [Synth 8-6155] done synthesizing module 'seven_segment_display_subsystem' (0#1) [C:/Users/alexs/Desktop/2026-2027/453/ENEL453/lab3/seven_segment_display_subsystem.sv:26]
INFO: [Synth 8-6155] done synthesizing module 'lab_3_top_level' (0#1) [C:/Users/alexs/Desktop/2026-2027/453/ENEL453/lab3/lab_3_top_level.sv:1]
---------------------------------------------------------------------------------
Finished RTL Elaboration : Time (s): cpu = 00:00:04 ; elapsed = 00:00:05 . Memory (MB): peak = 1287.234 ; gain = 601.996
---------------------------------------------------------------------------------
---------------------------------------------------------------------------------
Start Handling Custom Attributes
---------------------------------------------------------------------------------
---------------------------------------------------------------------------------
Finished Handling Custom Attributes : Time (s): cpu = 00:00:04 ; elapsed = 00:00:05 . Memory (MB): peak = 1287.234 ; gain = 601.996
---------------------------------------------------------------------------------
---------------------------------------------------------------------------------
Finished RTL Optimization Phase 1 : Time (s): cpu = 00:00:04 ; elapsed = 00:00:05 . Memory (MB): peak = 1287.234 ; gain = 601.996
---------------------------------------------------------------------------------
Netlist sorting complete. Time (s): cpu = 00:00:00 ; elapsed = 00:00:00.003 . Memory (MB): peak = 1287.234 ; gain = 0.000
INFO: [Project 1-570] Preparing netlist for logic optimization

Processing XDC Constraints
Initializing timing engine
Parsing XDC File [C:/Users/alexs/Desktop/2026-2027/453/ENEL453/lab3/lab_3.xdc]
Finished Parsing XDC File [C:/Users/alexs/Desktop/2026-2027/453/ENEL453/lab3/lab_3.xdc]
INFO: [Project 1-236] Implementation specific constraints were found while reading constraint file [C:/Users/alexs/Desktop/2026-2027/453/ENEL453/lab3/lab_3.xdc]. These constraints will be ignored for synthesis but will be used in implementation. Impacted constraints are listed in the file [.Xil/lab_3_top_level_propImpl.xdc].
Resolution: To avoid this warning, move constraints listed in [.Xil/lab_3_top_level_propImpl.xdc] to another XDC file and exclude this new file from synthesis with the used_in_synthesis property (File Properties dialog in GUI) and re-run elaboration/synthesis.
Completed Processing XDC Constraints

Netlist sorting complete. Time (s): cpu = 00:00:00 ; elapsed = 00:00:00 . Memory (MB): peak = 1372.148 ; gain = 0.000
INFO: [Project 1-111] Unisim Transformation Summary:
No Unisim elements were transformed.

Constraint Validation Runtime : Time (s): cpu = 00:00:00 ; elapsed = 00:00:00.002 . Memory (MB): peak = 1372.148 ; gain = 0.000
INFO: [Designutils 20-5440] No compile time benefit to using incremental synthesis; A full resynthesis will be run
INFO: [Designutils 20-4379] Flow is switching to default flow due to incremental criteria not met. If you would like to alter this behaviour and have the flow terminate instead, please set the following parameter config_implementation {autoIncr.Synth.RejectBehavior Terminate}
---------------------------------------------------------------------------------
Finished Constraint Validation : Time (s): cpu = 00:00:09 ; elapsed = 00:00:10 . Memory (MB): peak = 1372.148 ; gain = 686.910
---------------------------------------------------------------------------------
---------------------------------------------------------------------------------
Start Loading Part and Timing Information
---------------------------------------------------------------------------------
Loading part: xc7a35tcpg236-1
---------------------------------------------------------------------------------
Finished Loading Part and Timing Information : Time (s): cpu = 00:00:09 ; elapsed = 00:00:10 . Memory (MB): peak = 1372.148 ; gain = 686.910
---------------------------------------------------------------------------------
---------------------------------------------------------------------------------
Start Applying 'set_property' XDC Constraints
---------------------------------------------------------------------------------
---------------------------------------------------------------------------------
Finished applying 'set_property' XDC Constraints : Time (s): cpu = 00:00:09 ; elapsed = 00:00:10 . Memory (MB): peak = 1372.148 ; gain = 686.910
---------------------------------------------------------------------------------
---------------------------------------------------------------------------------
Finished RTL Optimization Phase 2 : Time (s): cpu = 00:00:09 ; elapsed = 00:00:10 . Memory (MB): peak = 1372.148 ; gain = 686.910
---------------------------------------------------------------------------------
---------------------------------------------------------------------------------
Start RTL Component Statistics 
---------------------------------------------------------------------------------
Detailed RTL Component Info : 
+---Adders : 
	   2 Input    5 Bit       Adders := 2     
	   2 Input    4 Bit       Adders := 8     
+---XORs : 
	   2 Input      1 Bit         XORs := 3     
+---Registers : 
	               32 Bit    Registers := 2     
	               16 Bit    Registers := 5     
	                5 Bit    Registers := 2     
	                4 Bit    Registers := 1     
	                1 Bit    Registers := 9     
+---Muxes : 
	   2 Input   31 Bit        Muxes := 2     
	   2 Input   16 Bit        Muxes := 2     
	   4 Input   16 Bit        Muxes := 1     
	   2 Input   13 Bit        Muxes := 2     
	   4 Input    5 Bit        Muxes := 2     
	   2 Input    4 Bit        Muxes := 7     
	   2 Input    1 Bit        Muxes := 14    
	   4 Input    1 Bit        Muxes := 4     
---------------------------------------------------------------------------------
Finished RTL Component Statistics 
---------------------------------------------------------------------------------
---------------------------------------------------------------------------------
Start Part Resource Summary
---------------------------------------------------------------------------------
Part Resources:
DSPs: 90 (col length:60)
BRAMs: 100 (col length: RAMB18 60 RAMB36 30)
---------------------------------------------------------------------------------
Finished Part Resource Summary
---------------------------------------------------------------------------------
---------------------------------------------------------------------------------
Start Cross Boundary and Area Optimization
---------------------------------------------------------------------------------
WARNING: [Synth 8-7080] Parallel synthesis criteria is not met
WARNING: [Synth 8-3917] design lab_3_top_level has port dp driven by constant 1
---------------------------------------------------------------------------------
Finished Cross Boundary and Area Optimization : Time (s): cpu = 00:00:11 ; elapsed = 00:00:12 . Memory (MB): peak = 1372.148 ; gain = 686.910
---------------------------------------------------------------------------------
---------------------------------------------------------------------------------
Start Applying XDC Timing Constraints
---------------------------------------------------------------------------------
---------------------------------------------------------------------------------
Finished Applying XDC Timing Constraints : Time (s): cpu = 00:00:14 ; elapsed = 00:00:15 . Memory (MB): peak = 1492.586 ; gain = 807.348
---------------------------------------------------------------------------------
---------------------------------------------------------------------------------
Start Timing Optimization
---------------------------------------------------------------------------------
---------------------------------------------------------------------------------
Finished Timing Optimization : Time (s): cpu = 00:00:15 ; elapsed = 00:00:16 . Memory (MB): peak = 1536.867 ; gain = 851.629
---------------------------------------------------------------------------------
---------------------------------------------------------------------------------
Start Technology Mapping
---------------------------------------------------------------------------------
---------------------------------------------------------------------------------
Finished Technology Mapping : Time (s): cpu = 00:00:15 ; elapsed = 00:00:16 . Memory (MB): peak = 1543.484 ; gain = 858.246
---------------------------------------------------------------------------------
---------------------------------------------------------------------------------
Start IO Insertion
---------------------------------------------------------------------------------
---------------------------------------------------------------------------------
Start Flattening Before IO Insertion
---------------------------------------------------------------------------------
---------------------------------------------------------------------------------
Finished Flattening Before IO Insertion
---------------------------------------------------------------------------------
---------------------------------------------------------------------------------
Start Final Netlist Cleanup
---------------------------------------------------------------------------------
---------------------------------------------------------------------------------
Finished Final Netlist Cleanup
---------------------------------------------------------------------------------
---------------------------------------------------------------------------------
Finished IO Insertion : Time (s): cpu = 00:00:17 ; elapsed = 00:00:18 . Memory (MB): peak = 1753.387 ; gain = 1068.148
---------------------------------------------------------------------------------
---------------------------------------------------------------------------------
Start Renaming Generated Instances
---------------------------------------------------------------------------------
---------------------------------------------------------------------------------
Finished Renaming Generated Instances : Time (s): cpu = 00:00:17 ; elapsed = 00:00:18 . Memory (MB): peak = 1753.387 ; gain = 1068.148
---------------------------------------------------------------------------------
---------------------------------------------------------------------------------
Start Rebuilding User Hierarchy
---------------------------------------------------------------------------------
---------------------------------------------------------------------------------
Finished Rebuilding User Hierarchy : Time (s): cpu = 00:00:17 ; elapsed = 00:00:18 . Memory (MB): peak = 1753.387 ; gain = 1068.148
---------------------------------------------------------------------------------
---------------------------------------------------------------------------------
Start Renaming Generated Ports
---------------------------------------------------------------------------------
---------------------------------------------------------------------------------
Finished Renaming Generated Ports : Time (s): cpu = 00:00:17 ; elapsed = 00:00:18 . Memory (MB): peak = 1753.387 ; gain = 1068.148
---------------------------------------------------------------------------------
---------------------------------------------------------------------------------
Start Handling Custom Attributes
---------------------------------------------------------------------------------
---------------------------------------------------------------------------------
Finished Handling Custom Attributes : Time (s): cpu = 00:00:17 ; elapsed = 00:00:18 . Memory (MB): peak = 1753.387 ; gain = 1068.148
---------------------------------------------------------------------------------
---------------------------------------------------------------------------------
Start Renaming Generated Nets
---------------------------------------------------------------------------------
---------------------------------------------------------------------------------
Finished Renaming Generated Nets : Time (s): cpu = 00:00:17 ; elapsed = 00:00:18 . Memory (MB): peak = 1753.387 ; gain = 1068.148
---------------------------------------------------------------------------------
---------------------------------------------------------------------------------
Start Writing Synthesis Report
---------------------------------------------------------------------------------

Report BlackBoxes: 
+-+--------------+----------+
| |BlackBox name |Instances |
+-+--------------+----------+
+-+--------------+----------+

Report Cell Usage: 
+------+-------+------+
|      |Cell   |Count |
+------+-------+------+
|1     |BUFG   |     1|
|2     |CARRY4 |     5|
|3     |LUT1   |     5|
|4     |LUT2   |    30|
|5     |LUT3   |     8|
|6     |LUT4   |    46|
|7     |LUT5   |    49|
|8     |LUT6   |    37|
|9     |FDRE   |   172|
|10    |FDSE   |     3|
|11    |IBUF   |    21|
|12    |OBUF   |    28|
+------+-------+------+
---------------------------------------------------------------------------------
Finished Writing Synthesis Report : Time (s): cpu = 00:00:17 ; elapsed = 00:00:18 . Memory (MB): peak = 1753.387 ; gain = 1068.148
---------------------------------------------------------------------------------
Synthesis finished with 0 errors, 0 critical warnings and 2 warnings.
Synthesis Optimization Runtime : Time (s): cpu = 00:00:13 ; elapsed = 00:00:17 . Memory (MB): peak = 1753.387 ; gain = 983.234
Synthesis Optimization Complete : Time (s): cpu = 00:00:18 ; elapsed = 00:00:19 . Memory (MB): peak = 1753.387 ; gain = 1068.148
INFO: [Project 1-571] Translating synthesized netlist
Netlist sorting complete. Time (s): cpu = 00:00:00 ; elapsed = 00:00:00.002 . Memory (MB): peak = 1758.961 ; gain = 0.000
INFO: [Netlist 29-17] Analyzing 5 Unisim elements for replacement
INFO: [Netlist 29-28] Unisim Transformation completed in 0 CPU seconds
INFO: [Project 1-570] Preparing netlist for logic optimization
INFO: [Opt 31-138] Pushed 0 inverter(s) to 0 load pin(s).
Netlist sorting complete. Time (s): cpu = 00:00:00 ; elapsed = 00:00:00 . Memory (MB): peak = 1762.387 ; gain = 0.000
INFO: [Project 1-111] Unisim Transformation Summary:
No Unisim elements were transformed.

Synth Design complete | Checksum: 75bf1b42
INFO: [Common 17-83] Releasing license: Synthesis
44 Infos, 2 Warnings, 0 Critical Warnings and 0 Errors encountered.
synth_design completed successfully
synth_design: Time (s): cpu = 00:00:20 ; elapsed = 00:00:22 . Memory (MB): peak = 1762.387 ; gain = 1263.410
Write ShapeDB Complete: Time (s): cpu = 00:00:00 ; elapsed = 00:00:00.001 . Memory (MB): peak = 1762.387 ; gain = 0.000
INFO: [Common 17-1381] The checkpoint 'C:/Users/alexs/Desktop/2026-2027/453/ENEL453/lab3/Lab3.runs/synth_1/lab_3_top_level.dcp' has been generated.
INFO: [Vivado 12-24828] Executing command : report_utilization -file lab_3_top_level_utilization_synth.rpt -pb lab_3_top_level_utilization_synth.pb
INFO: [Common 17-206] Exiting Vivado at Fri Oct  9 00:57:25 2026...
