Copyright 1986-2022 Xilinx, Inc. All Rights Reserved. Copyright 2022-2025 Advanced Micro Devices, Inc. All Rights Reserved.
---------------------------------------------------------------------------------------------------------------------------------------------
| Tool Version : Vivado v.2025.1 (win64) Build 6140274 Thu May 22 00:12:29 MDT 2025
| Date         : Fri Oct  9 00:58:35 2026
| Host         : TheLaptop running 64-bit major release  (build 9200)
| Command      : report_control_sets -verbose -file lab_3_top_level_control_sets_placed.rpt
| Design       : lab_3_top_level
| Device       : xc7a35t
---------------------------------------------------------------------------------------------------------------------------------------------

Control Set Information

Table of Contents
-----------------
1. Summary
2. Histogram
3. Flip-Flop Distribution
4. Detailed Control Set Information

1. Summary
----------

+----------------------------------------------------------+-------+
|                          Status                          | Count |
+----------------------------------------------------------+-------+
| Total control sets                                       |    11 |
|    Minimum number of control sets                        |    11 |
|    Addition due to synthesis replication                 |     0 |
|    Addition due to physical synthesis replication        |     0 |
| Unused register locations in slices containing registers |    33 |
+----------------------------------------------------------+-------+
* Control sets can be merged at opt_design using control_set_merge or merge_equivalent_drivers
** Run report_qor_suggestions for automated merging and remapping suggestions


2. Histogram
------------

+--------------------+-------+
|       Fanout       | Count |
+--------------------+-------+
| Total control sets |    11 |
| >= 0 to < 4        |     0 |
| >= 4 to < 6        |     4 |
| >= 6 to < 8        |     0 |
| >= 8 to < 10       |     0 |
| >= 10 to < 12      |     0 |
| >= 12 to < 14      |     2 |
| >= 14 to < 16      |     0 |
| >= 16              |     5 |
+--------------------+-------+
* Control sets can be remapped at either synth_design or opt_design


3. Flip-Flop Distribution
-------------------------

+--------------+-----------------------+------------------------+-----------------+--------------+
| Clock Enable | Synchronous Set/Reset | Asynchronous Set/Reset | Total Registers | Total Slices |
+--------------+-----------------------+------------------------+-----------------+--------------+
| No           | No                    | No                     |              49 |           17 |
| No           | No                    | Yes                    |               0 |            0 |
| No           | Yes                   | No                     |              30 |           10 |
| Yes          | No                    | No                     |               0 |            0 |
| Yes          | No                    | Yes                    |               0 |            0 |
| Yes          | Yes                   | No                     |             112 |           32 |
+--------------+-----------------------+------------------------+-----------------+--------------+


4. Detailed Control Set Information
-----------------------------------

+----------------+---------------------------------+--------------------+------------------+----------------+--------------+
|  Clock Signal  |          Enable Signal          |  Set/Reset Signal  | Slice Load Count | Bel Load Count | Bels / Slice |
+----------------+---------------------------------+--------------------+------------------+----------------+--------------+
|  clk_IBUF_BUFG | BIN_STORED/bcd_out[12]_i_1_n_0  | regi/SR[0]         |                1 |              4 |         4.00 |
|  clk_IBUF_BUFG | BIN_LIVE/p_1_in                 | SYNCHRONIZER/SR[0] |                1 |              4 |         4.00 |
|  clk_IBUF_BUFG |                                 | SYNCHRONIZER/SR[0] |                1 |              5 |         5.00 |
|  clk_IBUF_BUFG |                                 | regi/SR[0]         |                2 |              5 |         2.50 |
|  clk_IBUF_BUFG | BIN_STORED/bcd_out[15]_i_1_n_0  | reset_IBUF         |                5 |             12 |         2.40 |
|  clk_IBUF_BUFG | BIN_LIVE/bcd_out[15]_i_1_n_0    | reset_IBUF         |                3 |             12 |         4.00 |
|  clk_IBUF_BUFG | store_IBUF                      | reset_IBUF         |                5 |             16 |         3.20 |
|  clk_IBUF_BUFG |                                 | reset_IBUF         |                7 |             20 |         2.86 |
|  clk_IBUF_BUFG | BIN_STORED/scratch[31]_i_1_n_0  | regi/SR[0]         |                7 |             32 |         4.57 |
|  clk_IBUF_BUFG | BIN_LIVE/scratch[31]_i_1__0_n_0 | SYNCHRONIZER/SR[0] |               10 |             32 |         3.20 |
|  clk_IBUF_BUFG |                                 |                    |               17 |             49 |         2.88 |
+----------------+---------------------------------+--------------------+------------------+----------------+--------------+


